Script started on Mon Apr 26 17:06:19 2021

The default interactive shell is now zsh.
To update your account to use zsh, please run `chsh -s /bin/zsh`.
For more details, please visit https://support.apple.com/kb/HT208050.
[?1034hbash-3.2$ t.c:4:
bash: t.c:4:: command not found
bash-3.2$ In file included from webview.go:26:
bash: In: command not found
bash-3.2$ vendor/github.com/wailsapp/wails/lib/renderer/webview/webview.h:2202:19: warning: 'WebView' is deprecated: first deprecated in macOS 10 .14 - No longer supported; please adopt WKWebView. [-Wdeprecated-declarations]
bash: vendor/github.com/wailsapp/wails/lib/renderer/webview/webview.h:2202:19:: No such file or directory
bash: please: command not found
bash-3.2$ /Applications/Xcode.app/Contents/Developer/Platforms/MacOSX.platform/Developer/SDKs/MacOSX.sdk/System/Library/Frameworks/WebKit.framewo rk/Headers/WebView.h:119:12: note: 'WebView' has been explicitly marked deprecated here
bash: /Applications/Xcode.app/Contents/Developer/Platforms/MacOSX.platform/Developer/SDKs/MacOSX.sdk/System/Library/Frameworks/WebKit.framework/Headers/WebView.h:119:12:: No such file or directory
bash-3.2$ In file included from _cgo_export.c:4:
bash: In: command not found
bash-3.2$ In file included from webview.go:26:
bash: In: command not found
bash-3.2$ vendor/github.com/wailsapp/wails/lib/renderer/webview/webview.h:2342:75: warning: expression which evaluates to zero treated as a null  pointer constant of type 'id _Nullable' [-Wnon-literal-null-conversion]
bash: vendor/github.com/wailsapp/wails/lib/renderer/webview/webview.h:2342:75:: No such file or directory
bash-3.2$ /Applications/Xcode.app/Contents/Developer/Platforms/MacOSX.platform/Developer/SDKs/MacOSX.sdk/usr/include/objc/objc.h:90:13: note: exp anded from macro 'NO'
bash: /Applications/Xcode.app/Contents/Developer/Platforms/MacOSX.platform/Developer/SDKs/MacOSX.sdk/usr/include/objc/objc.h:90:13:: No such file or directory
bash-3.2$ In file included from _cgo_export.c:4:
bash: In: command not found
bash-3.2$ In file included from webview.go:26:
bash: In: command not found
bash-3.2$ vendor/github.com/wailsapp/wails/lib/renderer/webview/webview.h:2408:24: warning: comparison between pointer and integer ('char' and 'v oid *')
bash: syntax error near unexpected token `('
bash-3.2$ vendor/github.com/wailsapp/wails/lib/renderer/webview/webview.h:2425:20: warning: comparison between pointer and integer ('char' and 'v oid *')
bash: syntax error near unexpected token `('
bash-3.2$ # github.com/wailsapp/wails/lib/renderer/webview
bash-3.2$ In file included from vendor/github.com/wailsapp/wails/lib/renderer/webview/webview.go:26:
bash: In: command not found
bash-3.2$ vendor/github.com/wailsapp/wails/lib/renderer/webview/webview.h:98:3: warning: 'WebView' is deprecated: first deprecated in macOS 10.14  - No longer supported; please adopt WKWebView. [-Wdeprecated-declarations]
bash: vendor/github.com/wailsapp/wails/lib/renderer/webview/webview.h:98:3:: No such file or directory
bash: please: command not found
bash-3.2$ /Applications/Xcode.app/Contents/Developer/Platforms/MacOSX.platform/Developer/SDKs/MacOSX.sdk/System/Library/Frameworks/WebKit.framewo rk/Headers/WebView.h:119:12: note: 'WebView' has been explicitly marked deprecated here
bash: /Applications/Xcode.app/Contents/Developer/Platforms/MacOSX.platform/Developer/SDKs/MacOSX.sdk/System/Library/Frameworks/WebKit.framework/Headers/WebView.h:119:12:: No such file or directory
bash-3.2$ In file included from vendor/github.com/wailsapp/wails/lib/renderer/webview/webview.go:26:
bash: In: command not found
bash-3.2$ vendor/github.com/wailsapp/wails/lib/renderer/webview/webview.h:2202:19: warning: 'WebView' is deprecated: first deprecated in macOS 10 .14 - No longer supported; please adopt WKWebView. [-Wdeprecated-declarations]
bash: vendor/github.com/wailsapp/wails/lib/renderer/webview/webview.h:2202:19:: No such file or directory
bash: please: command not found
bash-3.2$ /Applications/Xcode.app/Contents/Developer/Platforms/MacOSX.platform/Developer/SDKs/MacOSX.sdk/System/Library/Frameworks/WebKit.framewo rk/Headers/WebView.h:119:12: note: 'WebView' has been explicitly marked deprecated here
bash: /Applications/Xcode.app/Contents/Developer/Platforms/MacOSX.platform/Developer/SDKs/MacOSX.sdk/System/Library/Frameworks/WebKit.framework/Headers/WebView.h:119:12:: No such file or directory
bash-3.2$ In file included from vendor/github.com/wailsapp/wails/lib/renderer/webview/webview.go:26:
bash: In: command not found
bash-3.2$ vendor/github.com/wailsapp/wails/lib/renderer/webview/webview.h:2342:75: warning: expression which evaluates to zero treated as a null  pointer constant of type 'id _Nullable' [-Wnon-literal-null-conversion]
bash: vendor/github.com/wailsapp/wails/lib/renderer/webview/webview.h:2342:75:: No such file or directory
bash-3.2$ /Applications/Xcode.app/Contents/Developer/Platforms/MacOSX.platform/Developer/SDKs/MacOSX.sdk/usr/include/objc/objc.h:90:13: note: exp anded from macro 'NO'
bash: /Applications/Xcode.app/Contents/Developer/Platforms/MacOSX.platform/Developer/SDKs/MacOSX.sdk/usr/include/objc/objc.h:90:13:: No such file or directory
bash-3.2$ In file included from vendor/github.com/wailsapp/wails/lib/renderer/webview/webview.go:26:
bash: In: command not found
bash-3.2$ vendor/github.com/wailsapp/wails/lib/renderer/webview/webview.h:2408:24: warning: comparison between pointer and integer ('char' and 'v oid *')
bash: syntax error near unexpected token `('
bash-3.2$ vendor/github.com/wailsapp/wails/lib/renderer/webview/webview.h:2425:20: warning: comparison between pointer and integer ('char' and 'v oid *')
bash: syntax error near unexpected token `('
bash-3.2$ %!s(<nil>)
%state activate(<nil>)
bash: syntax error near unexpected token `('
bash-3.2$ Austins-MacBook-Pro:cli austin$ 
bash: Austins-MacBook-Pro:cli: command not found
bash-3.2$ state run preprocess
[2m‚ïî‚ïê‚ïê‚ïê‚ïê‚ïê‚ïê‚ïê‚ïê‚ïê‚ïê‚ïê‚ïê‚ïê‚ïê‚ïê‚ïê‚ïê‚ïê‚ïê‚ïê‚ïê‚ïê‚ïê‚ïê‚ïê‚ïê‚ïê‚ïê‚ïó[0m
[2m‚ïë[0m[39;1m[1m Running Script: [36;1mpreprocess[0m [0m[2m‚ïë
[2m‚ïö‚ïê‚ïê‚ïê‚ïê‚ïê‚ïê‚ïê‚ïê‚ïê‚ïê‚ïê‚ïê‚ïê‚ïê‚ïê‚ïê‚ïê‚ïê‚ïê‚ïê‚ïê‚ïê‚ïê‚ïê‚ïê‚ïê‚ïê‚ïê‚ïù[0m

[39;1m[1mScript Output[0m
[2m‚îÄ‚îÄ‚îÄ‚îÄ‚îÄ‚îÄ‚îÄ‚îÄ‚îÄ‚îÄ‚îÄ‚îÄ‚îÄ[0m
packr was not found on your PATH, installing ..
~ ~/desktop/cli
go: downloading github.com/gobuffalo/packr v1.30.1
go: downloading github.com/gobuffalo/packr/v2 v2.8.1
go: downloading github.com/gobuffalo/packd v1.0.0
go: downloading github.com/gobuffalo/logger v1.0.3
go: downloading github.com/sirupsen/logrus v1.4.2
go: downloading github.com/spf13/cobra v0.0.6
go: downloading golang.org/x/tools v0.0.0-20200308013534-11ec41452d41
go: downloading golang.org/x/sync v0.0.0-20190911185100-cd5d95a43a6e
go: downloading github.com/karrick/godirwalk v1.15.8
go: downloading github.com/markbates/errx v1.1.0
go: downloading github.com/markbates/oncer v1.0.0
go: downloading github.com/gobuffalo/envy v1.7.0
go: downloading github.com/rogpeppe/go-internal v1.5.2
go: downloading github.com/markbates/safe v1.0.1
go: downloading golang.org/x/crypto v0.0.0-20191122220453-ac88ee75c92c
go: downloading github.com/sirupsen/logrus v1.8.1
go: downloading github.com/spf13/cobra v1.1.3
go: downloading golang.org/x/sync v0.0.0-20210220032951-036812b2e83c
go: downloading github.com/gobuffalo/envy v1.9.0
go: downloading github.com/karrick/godirwalk v1.16.1
go: downloading github.com/konsorten/go-windows-terminal-sequences v1.0.2
go: downloading golang.org/x/sys v0.0.0-20190515120540-06a5c4944438
go: downloading github.com/joho/godotenv v1.3.0
go: downloading github.com/inconshreveable/mousetrap v1.0.0
go: downloading github.com/spf13/pflag v1.0.3
go: downloading github.com/rogpeppe/go-internal v1.8.0
go: downloading golang.org/x/crypto v0.0.0-20210421170649-83a5a9bb288b
go: downloading github.com/konsorten/go-windows-terminal-sequences v1.0.3
go: downloading golang.org/x/tools v0.1.0
go: downloading github.com/spf13/pflag v1.0.5
go: downloading golang.org/x/sys v0.0.0-20210426230700-d19ff857e887
go: downloading golang.org/x/term v0.0.0-20201126162022-7de9c90e9dd1
go: downloading golang.org/x/term v0.0.0-20210422114643-f5beecf764ed
~/desktop/cli
Error: open /Users/austin/desktop/cli/internal/osutils/lockfile/flock_syscall_windows.go: too many open files
Usage:
  packr [flags]
  packr [command]

Available Commands:
  build       Wraps the go build command with packr
  clean       removes any *-packr.go files
  help        Help about any command
  install     Wraps the go install command with packr
  version     prints packr version

Flags:
  -z, --compress       compress box contents
  -h, --help           help for packr
  -i, --input string   path to scan for packr Boxes (default "/Users/austin/desktop/cli")
  -v, --verbose        print verbose logging information

Use "packr [command] --help" for more information about a command.

[31m%!s(<nil>)[0m
bash-3.2$  state run run-updlg
[2m‚ïî‚ïê‚ïê‚ïê‚ïê‚ïê‚ïê‚ïê‚ïê‚ïê‚ïê‚ïê‚ïê‚ïê‚ïê‚ïê‚ïê‚ïê‚ïê‚ïê‚ïê‚ïê‚ïê‚ïê‚ïê‚ïê‚ïê‚ïê‚ïó[0m
[2m‚ïë[0m[39;1m[1m Running Script: [36;1mrun-updlg[0m [0m[2m‚ïë
[2m‚ïö‚ïê‚ïê‚ïê‚ïê‚ïê‚ïê‚ïê‚ïê‚ïê‚ïê‚ïê‚ïê‚ïê‚ïê‚ïê‚ïê‚ïê‚ïê‚ïê‚ïê‚ïê‚ïê‚ïê‚ïê‚ïê‚ïê‚ïê‚ïù[0m

[39;1m[1mScript Output[0m
[2m‚îÄ‚îÄ‚îÄ‚îÄ‚îÄ‚îÄ‚îÄ‚îÄ‚îÄ‚îÄ‚îÄ‚îÄ‚îÄ[0m
# github.com/ActiveState/cli/internal/config
internal/config/instance.go:199:45: undefined: constants.BranchName
# github.com/wailsapp/wails/lib/renderer/webview
In file included from _cgo_export.c:4:
In file included from webview.go:26:
vendor/github.com/wailsapp/wails/lib/renderer/webview/webview.h:98:3: warning: 'WebView' is deprecated: first deprecated in macOS 10.14 - No longer supported; please adopt WKWebView. [-Wdeprecated-declarations]
/Applications/Xcode.app/Contents/Developer/Platforms/MacOSX.platform/Developer/SDKs/MacOSX.sdk/System/Library/Frameworks/WebKit.framework/Headers/WebView.h:119:12: note: 'WebView' has been explicitly marked deprecated here
In file included from _cgo_export.c:4:
In file included from webview.go:26:
vendor/github.com/wailsapp/wails/lib/renderer/webview/webview.h:2202:19: warning: 'WebView' is deprecated: first deprecated in macOS 10.14 - No longer supported; please adopt WKWebView. [-Wdeprecated-declarations]
/Applications/Xcode.app/Contents/Developer/Platforms/MacOSX.platform/Developer/SDKs/MacOSX.sdk/System/Library/Frameworks/WebKit.framework/Headers/WebView.h:119:12: note: 'WebView' has been explicitly marked deprecated here
In file included from _cgo_export.c:4:
In file included from webview.go:26:
vendor/github.com/wailsapp/wails/lib/renderer/webview/webview.h:2342:75: warning: expression which evaluates to zero treated as a null pointer constant of type 'id _Nullable' [-Wnon-literal-null-conversion]
/Applications/Xcode.app/Contents/Developer/Platforms/MacOSX.platform/Developer/SDKs/MacOSX.sdk/usr/include/objc/objc.h:90:13: note: expanded from macro 'NO'
In file included from _cgo_export.c:4:
In file included from webview.go:26:
vendor/github.com/wailsapp/wails/lib/renderer/webview/webview.h:2408:24: warning: comparison between pointer and integer ('char' and 'void *')
vendor/github.com/wailsapp/wails/lib/renderer/webview/webview.h:2425:20: warning: comparison between pointer and integer ('char' and 'void *')
# github.com/wailsapp/wails/lib/renderer/webview
In file included from vendor/github.com/wailsapp/wails/lib/renderer/webview/webview.go:26:
vendor/github.com/wailsapp/wails/lib/renderer/webview/webview.h:98:3: warning: 'WebView' is deprecated: first deprecated in macOS 10.14 - No longer supported; please adopt WKWebView. [-Wdeprecated-declarations]
/Applications/Xcode.app/Contents/Developer/Platforms/MacOSX.platform/Developer/SDKs/MacOSX.sdk/System/Library/Frameworks/WebKit.framework/Headers/WebView.h:119:12: note: 'WebView' has been explicitly marked deprecated here
In file included from vendor/github.com/wailsapp/wails/lib/renderer/webview/webview.go:26:
vendor/github.com/wailsapp/wails/lib/renderer/webview/webview.h:2202:19: warning: 'WebView' is deprecated: first deprecated in macOS 10.14 - No longer supported; please adopt WKWebView. [-Wdeprecated-declarations]
/Applications/Xcode.app/Contents/Developer/Platforms/MacOSX.platform/Developer/SDKs/MacOSX.sdk/System/Library/Frameworks/WebKit.framework/Headers/WebView.h:119:12: note: 'WebView' has been explicitly marked deprecated here
In file included from vendor/github.com/wailsapp/wails/lib/renderer/webview/webview.go:26:
vendor/github.com/wailsapp/wails/lib/renderer/webview/webview.h:2342:75: warning: expression which evaluates to zero treated as a null pointer constant of type 'id _Nullable' [-Wnon-literal-null-conversion]
/Applications/Xcode.app/Contents/Developer/Platforms/MacOSX.platform/Developer/SDKs/MacOSX.sdk/usr/include/objc/objc.h:90:13: note: expanded from macro 'NO'
In file included from vendor/github.com/wailsapp/wails/lib/renderer/webview/webview.go:26:
vendor/github.com/wailsapp/wails/lib/renderer/webview/webview